17:09:30 **** Auto Build of configuration Debug for project rw ****
make pre-build main-build 
a9-linaro-pre-build-step
' '
'Building file: ../src/main.c'
'Invoking: ARM v7 gcc compiler'
arm-none-eabi-gcc -Wall -O0 -g3 -c -fmessage-length=0 -MT"src/main.o" -mcpu=cortex-a9 -mfpu=vfpv3 -mfloat-abi=hard -I../../rw_bsp/ps7_cortexa9_0/include -MMD -MP -MF"src/main.d" -MT"src/main.o" -o "src/main.o" "../src/main.c"
'Finished building: ../src/main.c'
' '
'Building target: rw.elf'
'Invoking: ARM v7 gcc linker'
arm-none-eabi-gcc -mcpu=cortex-a9 -mfpu=vfpv3 -mfloat-abi=hard -Wl,-build-id=none -specs=Xilinx.spec -Wl,-T -Wl,../src/lscript.ld -L../../rw_bsp/ps7_cortexa9_0/lib -o "rw.elf"  ./src/main.o   -Wl,--start-group,-lxil,-lgcc,-lc,--end-group
'Finished building target: rw.elf'
' '
'Invoking: ARM v7 Print Size'
arm-none-eabi-size rw.elf  |tee "rw.elf.size"
   text	   data	    bss	    dec	    hex	filename
 122748	   2580	  23328	 148656	  244b0	rw.elf
'Finished building: rw.elf.size'
' '

17:09:30 Build Finished (took 460ms)

